C:\Users\Dany\Documents\MCUXpressoIDE_11.9.0_2144\workspace\WiFiModule\drivers/fsl_clock.h:584:20:CLOCK_EnableClock	24	static
../source/LCD.h:15:6:LCD_init	8	static
../source/LCD.h:58:6:LCD_ready	16	static
../source/LCD.h:88:6:LCD_command	16	static
../source/LCD.h:104:6:LCD_command_noWait	16	static
../source/LCD.h:117:6:LCD_data	16	static
../source/LCD.h:134:6:LCD_print_1st_line	16	static
../source/LCD.h:146:6:LCD_print_2nd_line	16	static
../source/LCD.h:158:6:LCD_clear	8	static
../source/timer.h:7:6:TPM0_init	8	static
../source/timer.h:23:6:delaySec	24	static
../source/timer.h:33:6:delayMs	24	static
C:\Users\Dany\Documents\MCUXpressoIDE_11.9.0_2144\workspace\WiFiModule\drivers/fsl_port.h:256:20:PORT_SetPinConfig	32	static
../source/WiFiModule.c:24:6:uart_init	16	static
../source/WiFiModule.c:39:6:init_uart_pins	16	static
../source/WiFiModule.c:55:6:send_at_command	24	static
../source/WiFiModule.c:68:6:read_response	16	static
../source/WiFiModule.c:75:5:main	24	static
